// Jest Snapshot v1, https://goo.gl/fbAQLP

exports[`landing component snapshot with Enzyme 1`] = `
<Fragment>
  <section
    className="conatiner pt-4"
  >
    <div
      className="text-center"
    >
      <p>
        Find your perfect trip, designed by insiders who know and love their cities
      </p>
      <h2>
        Start browsing
      </h2>
      <Link
        to="/browse"
      >
        <img
          alt="Start browsing"
          src="circleRight.png"
          style={
            Object {
              "maxWidth": "40px",
            }
          }
        />
      </Link>
    </div>
  </section>
  <nav
    className="pt-3"
  >
    <ul
      className="nav justify-content-center"
    >
      <li
        className="nav-item"
      >
        <Link
          className="nav-link"
          to="/log-in"
        >
          Log in
        </Link>
      </li>
      <li
        className="nav-item"
      >
        <Link
          className="nav-link"
          to="/create-account"
        >
          Create Account
        </Link>
      </li>
    </ul>
  </nav>
</Fragment>
`;
